<?xml version="1.0" encoding="utf-8"?>
<TestRun id="162effad-155e-4a25-ba62-a8710663173d" name="ysz10@PP-DESKTOP-2023 2025-08-26 20:29:08" runUser="PP-DESKTOP-2023\ysz10" xmlns="http://microsoft.com/schemas/VisualStudio/TeamTest/2010">
  <Times creation="2025-08-26T20:29:08.2038038-04:00" queuing="2025-08-26T20:29:08.2038039-04:00" start="2025-08-26T20:29:07.0108962-04:00" finish="2025-08-26T20:29:08.2725497-04:00" />
  <TestSettings name="default" id="81482f68-54db-4a58-8bf6-8c1872a17374">
    <Deployment runDeploymentRoot="ysz10_PP-DESKTOP-2023_2025-08-26_20_29_08" />
  </TestSettings>
  <Results>
    <UnitTestResult executionId="247fd0ac-6219-493a-b527-e94e91fbf5d5" testId="6ce95063-8524-5dec-b8f7-2251f58dc12d" testName="KnowledgeNetwork.Domains.Code.Tests.Unit.Analyzers.Blocks.RoslynCfgExtractorEdgeCaseTests.ExtractControlFlowGraphAsync_VariousEdgeCases_ShouldNotReturnNull(methodName: &quot;UsingStatement&quot;)" computerName="PP-DESKTOP-2023" duration="00:00:00.0131745" startTime="2025-08-26T20:29:08.0581664-04:00" endTime="2025-08-26T20:29:08.0713684-04:00" testType="13cdc9d9-ddb5-4fa4-a97d-d965ccfc6d4b" outcome="Passed" testListId="8c84fa94-04c1-424b-9868-57a2d4851a1d" relativeResultsDirectory="247fd0ac-6219-493a-b527-e94e91fbf5d5" />
    <UnitTestResult executionId="c8df9081-ab00-4a2c-84a3-cfc914719932" testId="120606a9-462f-607e-579d-166ec3b69446" testName="KnowledgeNetwork.Domains.Code.Tests.Unit.Analyzers.Blocks.RoslynCfgExtractorEdgeCaseTests.ExtractControlFlowGraphAsync_VariousEdgeCases_ShouldNotReturnNull(methodName: &quot;NestedTryCatch&quot;)" computerName="PP-DESKTOP-2023" duration="00:00:00.0250877" startTime="2025-08-26T20:29:08.0214869-04:00" endTime="2025-08-26T20:29:08.0466120-04:00" testType="13cdc9d9-ddb5-4fa4-a97d-d965ccfc6d4b" outcome="Passed" testListId="8c84fa94-04c1-424b-9868-57a2d4851a1d" relativeResultsDirectory="c8df9081-ab00-4a2c-84a3-cfc914719932" />
    <UnitTestResult executionId="49f1f701-5da5-4373-892e-c6a8f93e755b" testId="d5fc0472-92fb-0e8d-c3e8-ec8763c8b4df" testName="KnowledgeNetwork.Domains.Code.Tests.Unit.Analyzers.Blocks.RoslynCfgExtractorEdgeCaseTests.ExtractControlFlowGraphAsync_GotoStatement_ShouldCreateBackEdges" computerName="PP-DESKTOP-2023" duration="00:00:00.0126669" startTime="2025-08-26T20:29:08.2089604-04:00" endTime="2025-08-26T20:29:08.2216543-04:00" testType="13cdc9d9-ddb5-4fa4-a97d-d965ccfc6d4b" outcome="Passed" testListId="8c84fa94-04c1-424b-9868-57a2d4851a1d" relativeResultsDirectory="49f1f701-5da5-4373-892e-c6a8f93e755b" />
    <UnitTestResult executionId="54d64362-850e-4ff6-b366-ba31e2258fc1" testId="19b0129f-3baf-8fb9-3287-9cb9673328e6" testName="KnowledgeNetwork.Domains.Code.Tests.Unit.Analyzers.Blocks.RoslynCfgExtractorEdgeCaseTests.ExtractControlFlowGraphAsync_GenericMethod_ShouldHandleTypeParameters" computerName="PP-DESKTOP-2023" duration="00:00:00.2883612" startTime="2025-08-26T20:29:07.6074861-04:00" endTime="2025-08-26T20:29:07.9000196-04:00" testType="13cdc9d9-ddb5-4fa4-a97d-d965ccfc6d4b" outcome="Passed" testListId="8c84fa94-04c1-424b-9868-57a2d4851a1d" relativeResultsDirectory="54d64362-850e-4ff6-b366-ba31e2258fc1" />
    <UnitTestResult executionId="1d96e75a-8863-4922-90b4-a8685260a04f" testId="5a39c429-ea53-28de-63eb-db6abc18410c" testName="KnowledgeNetwork.Domains.Code.Tests.Unit.Analyzers.Blocks.RoslynCfgExtractorEdgeCaseTests.ExtractControlFlowGraphAsync_Constructor_ShouldAnalyzeCorrectly" computerName="PP-DESKTOP-2023" duration="00:00:00.0192532" startTime="2025-08-26T20:29:08.1472855-04:00" endTime="2025-08-26T20:29:08.1665679-04:00" testType="13cdc9d9-ddb5-4fa4-a97d-d965ccfc6d4b" outcome="Passed" testListId="8c84fa94-04c1-424b-9868-57a2d4851a1d" relativeResultsDirectory="1d96e75a-8863-4922-90b4-a8685260a04f" />
    <UnitTestResult executionId="8b4fe949-e6b6-4983-b543-3bf0729163c6" testId="a0ed0353-1ac0-8ddc-780a-ce50c2a45543" testName="KnowledgeNetwork.Domains.Code.Tests.Unit.Analyzers.Blocks.RoslynCfgExtractorEdgeCaseTests.ExtractControlFlowGraphAsync_PatternMatching_ShouldHandleComplexPatterns" computerName="PP-DESKTOP-2023" duration="00:00:00.0432549" startTime="2025-08-26T20:29:08.1035608-04:00" endTime="2025-08-26T20:29:08.1468460-04:00" testType="13cdc9d9-ddb5-4fa4-a97d-d965ccfc6d4b" outcome="Passed" testListId="8c84fa94-04c1-424b-9868-57a2d4851a1d" relativeResultsDirectory="8b4fe949-e6b6-4983-b543-3bf0729163c6" />
    <UnitTestResult executionId="eb91ed77-1901-44bd-9bd5-52605c765cbf" testId="6ab359e9-6587-f4dc-919a-c48037c66c34" testName="KnowledgeNetwork.Domains.Code.Tests.Unit.Analyzers.Blocks.RoslynCfgExtractorEdgeCaseTests.ExtractControlFlowGraphAsync_TryCatchFinally_ShouldCreateCorrectStructure" computerName="PP-DESKTOP-2023" duration="00:00:00.0764736" startTime="2025-08-26T20:29:07.9442966-04:00" endTime="2025-08-26T20:29:08.0208056-04:00" testType="13cdc9d9-ddb5-4fa4-a97d-d965ccfc6d4b" outcome="Passed" testListId="8c84fa94-04c1-424b-9868-57a2d4851a1d" relativeResultsDirectory="eb91ed77-1901-44bd-9bd5-52605c765cbf" />
    <UnitTestResult executionId="c3158d20-feef-4d73-99a7-d4e1c196d263" testId="aba05db1-2ac9-4ba6-78b8-e3dbb8455fec" testName="KnowledgeNetwork.Domains.Code.Tests.Unit.Analyzers.Blocks.RoslynCfgExtractorEdgeCaseTests.ExtractControlFlowGraphAsync_ComplexLoopWithMultipleExits_ShouldHandleAllPaths" computerName="PP-DESKTOP-2023" duration="00:00:00.0316283" startTime="2025-08-26T20:29:08.0716343-04:00" endTime="2025-08-26T20:29:08.1032911-04:00" testType="13cdc9d9-ddb5-4fa4-a97d-d965ccfc6d4b" outcome="Passed" testListId="8c84fa94-04c1-424b-9868-57a2d4851a1d" relativeResultsDirectory="c3158d20-feef-4d73-99a7-d4e1c196d263" />
    <UnitTestResult executionId="b24f4c88-e64b-4d16-b853-4eb1ab2778bf" testId="5060f7c6-4b8f-88ab-0a76-303af23f994c" testName="KnowledgeNetwork.Domains.Code.Tests.Unit.Analyzers.Blocks.RoslynCfgExtractorEdgeCaseTests.ExtractControlFlowGraphAsync_RecursiveMethod_ShouldAnalyzeCorrectly" computerName="PP-DESKTOP-2023" duration="00:00:00.0123814" startTime="2025-08-26T20:29:08.1962983-04:00" endTime="2025-08-26T20:29:08.2087075-04:00" testType="13cdc9d9-ddb5-4fa4-a97d-d965ccfc6d4b" outcome="Passed" testListId="8c84fa94-04c1-424b-9868-57a2d4851a1d" relativeResultsDirectory="b24f4c88-e64b-4d16-b853-4eb1ab2778bf" />
    <UnitTestResult executionId="f9b9cb92-a01e-4fe6-8a1f-7290e3999546" testId="3ed743cb-18dd-feaa-9dbd-18840d92ea79" testName="KnowledgeNetwork.Domains.Code.Tests.Unit.Analyzers.Blocks.RoslynCfgExtractorEdgeCaseTests.ExtractControlFlowGraphAsync_LambdaExpressions_ShouldHandleNestedScopes" computerName="PP-DESKTOP-2023" duration="00:00:00.0291931" startTime="2025-08-26T20:29:08.1668293-04:00" endTime="2025-08-26T20:29:08.1960513-04:00" testType="13cdc9d9-ddb5-4fa4-a97d-d965ccfc6d4b" outcome="Passed" testListId="8c84fa94-04c1-424b-9868-57a2d4851a1d" relativeResultsDirectory="f9b9cb92-a01e-4fe6-8a1f-7290e3999546" />
    <UnitTestResult executionId="595eeb6a-8166-497b-921e-16bf92369486" testId="1ae88abb-a690-49c3-2a5e-7373941f7a27" testName="KnowledgeNetwork.Domains.Code.Tests.Unit.Analyzers.Blocks.RoslynCfgExtractorEdgeCaseTests.ExtractControlFlowGraphAsync_VariousEdgeCases_ShouldNotReturnNull(methodName: &quot;MultipleCatchBlocks&quot;)" computerName="PP-DESKTOP-2023" duration="00:00:00.0110744" startTime="2025-08-26T20:29:08.0468434-04:00" endTime="2025-08-26T20:29:08.0579448-04:00" testType="13cdc9d9-ddb5-4fa4-a97d-d965ccfc6d4b" outcome="Passed" testListId="8c84fa94-04c1-424b-9868-57a2d4851a1d" relativeResultsDirectory="595eeb6a-8166-497b-921e-16bf92369486" />
    <UnitTestResult executionId="886f6dde-6253-4e26-87c2-359480b8900b" testId="8e742513-45f7-7ab1-c140-4a052a0fea8c" testName="KnowledgeNetwork.Domains.Code.Tests.Unit.Analyzers.Blocks.RoslynCfgExtractorEdgeCaseTests.ExtractControlFlowGraphAsync_AsyncMethod_ShouldHandleAsyncOperations" computerName="PP-DESKTOP-2023" duration="00:00:00.0410544" startTime="2025-08-26T20:29:07.9028917-04:00" endTime="2025-08-26T20:29:07.9439984-04:00" testType="13cdc9d9-ddb5-4fa4-a97d-d965ccfc6d4b" outcome="Passed" testListId="8c84fa94-04c1-424b-9868-57a2d4851a1d" relativeResultsDirectory="886f6dde-6253-4e26-87c2-359480b8900b" />
  </Results>
  <TestDefinitions>
    <UnitTest name="KnowledgeNetwork.Domains.Code.Tests.Unit.Analyzers.Blocks.RoslynCfgExtractorEdgeCaseTests.ExtractControlFlowGraphAsync_ComplexLoopWithMultipleExits_ShouldHandleAllPaths" storage="d:\shizhong\mycode\knowledgenetwork\src\tests\knowledgenetwork.domains.code.tests\bin\debug\net9.0\knowledgenetwork.domains.code.tests.dll" id="aba05db1-2ac9-4ba6-78b8-e3dbb8455fec">
      <Execution id="c3158d20-feef-4d73-99a7-d4e1c196d263" />
      <TestMethod codeBase="D:\ShiZhong\MyCode\KnowledgeNetwork\src\tests\KnowledgeNetwork.Domains.Code.Tests\bin\Debug\net9.0\KnowledgeNetwork.Domains.Code.Tests.dll" adapterTypeName="executor://xunit/VsTestRunner3/netcore/" className="KnowledgeNetwork.Domains.Code.Tests.Unit.Analyzers.Blocks.RoslynCfgExtractorEdgeCaseTests" name="ExtractControlFlowGraphAsync_ComplexLoopWithMultipleExits_ShouldHandleAllPaths" />
    </UnitTest>
    <UnitTest name="KnowledgeNetwork.Domains.Code.Tests.Unit.Analyzers.Blocks.RoslynCfgExtractorEdgeCaseTests.ExtractControlFlowGraphAsync_GenericMethod_ShouldHandleTypeParameters" storage="d:\shizhong\mycode\knowledgenetwork\src\tests\knowledgenetwork.domains.code.tests\bin\debug\net9.0\knowledgenetwork.domains.code.tests.dll" id="19b0129f-3baf-8fb9-3287-9cb9673328e6">
      <Execution id="54d64362-850e-4ff6-b366-ba31e2258fc1" />
      <TestMethod codeBase="D:\ShiZhong\MyCode\KnowledgeNetwork\src\tests\KnowledgeNetwork.Domains.Code.Tests\bin\Debug\net9.0\KnowledgeNetwork.Domains.Code.Tests.dll" adapterTypeName="executor://xunit/VsTestRunner3/netcore/" className="KnowledgeNetwork.Domains.Code.Tests.Unit.Analyzers.Blocks.RoslynCfgExtractorEdgeCaseTests" name="ExtractControlFlowGraphAsync_GenericMethod_ShouldHandleTypeParameters" />
    </UnitTest>
    <UnitTest name="KnowledgeNetwork.Domains.Code.Tests.Unit.Analyzers.Blocks.RoslynCfgExtractorEdgeCaseTests.ExtractControlFlowGraphAsync_Constructor_ShouldAnalyzeCorrectly" storage="d:\shizhong\mycode\knowledgenetwork\src\tests\knowledgenetwork.domains.code.tests\bin\debug\net9.0\knowledgenetwork.domains.code.tests.dll" id="5a39c429-ea53-28de-63eb-db6abc18410c">
      <Execution id="1d96e75a-8863-4922-90b4-a8685260a04f" />
      <TestMethod codeBase="D:\ShiZhong\MyCode\KnowledgeNetwork\src\tests\KnowledgeNetwork.Domains.Code.Tests\bin\Debug\net9.0\KnowledgeNetwork.Domains.Code.Tests.dll" adapterTypeName="executor://xunit/VsTestRunner3/netcore/" className="KnowledgeNetwork.Domains.Code.Tests.Unit.Analyzers.Blocks.RoslynCfgExtractorEdgeCaseTests" name="ExtractControlFlowGraphAsync_Constructor_ShouldAnalyzeCorrectly" />
    </UnitTest>
    <UnitTest name="KnowledgeNetwork.Domains.Code.Tests.Unit.Analyzers.Blocks.RoslynCfgExtractorEdgeCaseTests.ExtractControlFlowGraphAsync_VariousEdgeCases_ShouldNotReturnNull(methodName: &quot;MultipleCatchBlocks&quot;)" storage="d:\shizhong\mycode\knowledgenetwork\src\tests\knowledgenetwork.domains.code.tests\bin\debug\net9.0\knowledgenetwork.domains.code.tests.dll" id="1ae88abb-a690-49c3-2a5e-7373941f7a27">
      <Execution id="595eeb6a-8166-497b-921e-16bf92369486" />
      <TestMethod codeBase="D:\ShiZhong\MyCode\KnowledgeNetwork\src\tests\KnowledgeNetwork.Domains.Code.Tests\bin\Debug\net9.0\KnowledgeNetwork.Domains.Code.Tests.dll" adapterTypeName="executor://xunit/VsTestRunner3/netcore/" className="KnowledgeNetwork.Domains.Code.Tests.Unit.Analyzers.Blocks.RoslynCfgExtractorEdgeCaseTests" name="ExtractControlFlowGraphAsync_VariousEdgeCases_ShouldNotReturnNull" />
    </UnitTest>
    <UnitTest name="KnowledgeNetwork.Domains.Code.Tests.Unit.Analyzers.Blocks.RoslynCfgExtractorEdgeCaseTests.ExtractControlFlowGraphAsync_PatternMatching_ShouldHandleComplexPatterns" storage="d:\shizhong\mycode\knowledgenetwork\src\tests\knowledgenetwork.domains.code.tests\bin\debug\net9.0\knowledgenetwork.domains.code.tests.dll" id="a0ed0353-1ac0-8ddc-780a-ce50c2a45543">
      <Execution id="8b4fe949-e6b6-4983-b543-3bf0729163c6" />
      <TestMethod codeBase="D:\ShiZhong\MyCode\KnowledgeNetwork\src\tests\KnowledgeNetwork.Domains.Code.Tests\bin\Debug\net9.0\KnowledgeNetwork.Domains.Code.Tests.dll" adapterTypeName="executor://xunit/VsTestRunner3/netcore/" className="KnowledgeNetwork.Domains.Code.Tests.Unit.Analyzers.Blocks.RoslynCfgExtractorEdgeCaseTests" name="ExtractControlFlowGraphAsync_PatternMatching_ShouldHandleComplexPatterns" />
    </UnitTest>
    <UnitTest name="KnowledgeNetwork.Domains.Code.Tests.Unit.Analyzers.Blocks.RoslynCfgExtractorEdgeCaseTests.ExtractControlFlowGraphAsync_TryCatchFinally_ShouldCreateCorrectStructure" storage="d:\shizhong\mycode\knowledgenetwork\src\tests\knowledgenetwork.domains.code.tests\bin\debug\net9.0\knowledgenetwork.domains.code.tests.dll" id="6ab359e9-6587-f4dc-919a-c48037c66c34">
      <Execution id="eb91ed77-1901-44bd-9bd5-52605c765cbf" />
      <TestMethod codeBase="D:\ShiZhong\MyCode\KnowledgeNetwork\src\tests\KnowledgeNetwork.Domains.Code.Tests\bin\Debug\net9.0\KnowledgeNetwork.Domains.Code.Tests.dll" adapterTypeName="executor://xunit/VsTestRunner3/netcore/" className="KnowledgeNetwork.Domains.Code.Tests.Unit.Analyzers.Blocks.RoslynCfgExtractorEdgeCaseTests" name="ExtractControlFlowGraphAsync_TryCatchFinally_ShouldCreateCorrectStructure" />
    </UnitTest>
    <UnitTest name="KnowledgeNetwork.Domains.Code.Tests.Unit.Analyzers.Blocks.RoslynCfgExtractorEdgeCaseTests.ExtractControlFlowGraphAsync_LambdaExpressions_ShouldHandleNestedScopes" storage="d:\shizhong\mycode\knowledgenetwork\src\tests\knowledgenetwork.domains.code.tests\bin\debug\net9.0\knowledgenetwork.domains.code.tests.dll" id="3ed743cb-18dd-feaa-9dbd-18840d92ea79">
      <Execution id="f9b9cb92-a01e-4fe6-8a1f-7290e3999546" />
      <TestMethod codeBase="D:\ShiZhong\MyCode\KnowledgeNetwork\src\tests\KnowledgeNetwork.Domains.Code.Tests\bin\Debug\net9.0\KnowledgeNetwork.Domains.Code.Tests.dll" adapterTypeName="executor://xunit/VsTestRunner3/netcore/" className="KnowledgeNetwork.Domains.Code.Tests.Unit.Analyzers.Blocks.RoslynCfgExtractorEdgeCaseTests" name="ExtractControlFlowGraphAsync_LambdaExpressions_ShouldHandleNestedScopes" />
    </UnitTest>
    <UnitTest name="KnowledgeNetwork.Domains.Code.Tests.Unit.Analyzers.Blocks.RoslynCfgExtractorEdgeCaseTests.ExtractControlFlowGraphAsync_GotoStatement_ShouldCreateBackEdges" storage="d:\shizhong\mycode\knowledgenetwork\src\tests\knowledgenetwork.domains.code.tests\bin\debug\net9.0\knowledgenetwork.domains.code.tests.dll" id="d5fc0472-92fb-0e8d-c3e8-ec8763c8b4df">
      <Execution id="49f1f701-5da5-4373-892e-c6a8f93e755b" />
      <TestMethod codeBase="D:\ShiZhong\MyCode\KnowledgeNetwork\src\tests\KnowledgeNetwork.Domains.Code.Tests\bin\Debug\net9.0\KnowledgeNetwork.Domains.Code.Tests.dll" adapterTypeName="executor://xunit/VsTestRunner3/netcore/" className="KnowledgeNetwork.Domains.Code.Tests.Unit.Analyzers.Blocks.RoslynCfgExtractorEdgeCaseTests" name="ExtractControlFlowGraphAsync_GotoStatement_ShouldCreateBackEdges" />
    </UnitTest>
    <UnitTest name="KnowledgeNetwork.Domains.Code.Tests.Unit.Analyzers.Blocks.RoslynCfgExtractorEdgeCaseTests.ExtractControlFlowGraphAsync_RecursiveMethod_ShouldAnalyzeCorrectly" storage="d:\shizhong\mycode\knowledgenetwork\src\tests\knowledgenetwork.domains.code.tests\bin\debug\net9.0\knowledgenetwork.domains.code.tests.dll" id="5060f7c6-4b8f-88ab-0a76-303af23f994c">
      <Execution id="b24f4c88-e64b-4d16-b853-4eb1ab2778bf" />
      <TestMethod codeBase="D:\ShiZhong\MyCode\KnowledgeNetwork\src\tests\KnowledgeNetwork.Domains.Code.Tests\bin\Debug\net9.0\KnowledgeNetwork.Domains.Code.Tests.dll" adapterTypeName="executor://xunit/VsTestRunner3/netcore/" className="KnowledgeNetwork.Domains.Code.Tests.Unit.Analyzers.Blocks.RoslynCfgExtractorEdgeCaseTests" name="ExtractControlFlowGraphAsync_RecursiveMethod_ShouldAnalyzeCorrectly" />
    </UnitTest>
    <UnitTest name="KnowledgeNetwork.Domains.Code.Tests.Unit.Analyzers.Blocks.RoslynCfgExtractorEdgeCaseTests.ExtractControlFlowGraphAsync_VariousEdgeCases_ShouldNotReturnNull(methodName: &quot;UsingStatement&quot;)" storage="d:\shizhong\mycode\knowledgenetwork\src\tests\knowledgenetwork.domains.code.tests\bin\debug\net9.0\knowledgenetwork.domains.code.tests.dll" id="6ce95063-8524-5dec-b8f7-2251f58dc12d">
      <Execution id="247fd0ac-6219-493a-b527-e94e91fbf5d5" />
      <TestMethod codeBase="D:\ShiZhong\MyCode\KnowledgeNetwork\src\tests\KnowledgeNetwork.Domains.Code.Tests\bin\Debug\net9.0\KnowledgeNetwork.Domains.Code.Tests.dll" adapterTypeName="executor://xunit/VsTestRunner3/netcore/" className="KnowledgeNetwork.Domains.Code.Tests.Unit.Analyzers.Blocks.RoslynCfgExtractorEdgeCaseTests" name="ExtractControlFlowGraphAsync_VariousEdgeCases_ShouldNotReturnNull" />
    </UnitTest>
    <UnitTest name="KnowledgeNetwork.Domains.Code.Tests.Unit.Analyzers.Blocks.RoslynCfgExtractorEdgeCaseTests.ExtractControlFlowGraphAsync_VariousEdgeCases_ShouldNotReturnNull(methodName: &quot;NestedTryCatch&quot;)" storage="d:\shizhong\mycode\knowledgenetwork\src\tests\knowledgenetwork.domains.code.tests\bin\debug\net9.0\knowledgenetwork.domains.code.tests.dll" id="120606a9-462f-607e-579d-166ec3b69446">
      <Execution id="c8df9081-ab00-4a2c-84a3-cfc914719932" />
      <TestMethod codeBase="D:\ShiZhong\MyCode\KnowledgeNetwork\src\tests\KnowledgeNetwork.Domains.Code.Tests\bin\Debug\net9.0\KnowledgeNetwork.Domains.Code.Tests.dll" adapterTypeName="executor://xunit/VsTestRunner3/netcore/" className="KnowledgeNetwork.Domains.Code.Tests.Unit.Analyzers.Blocks.RoslynCfgExtractorEdgeCaseTests" name="ExtractControlFlowGraphAsync_VariousEdgeCases_ShouldNotReturnNull" />
    </UnitTest>
    <UnitTest name="KnowledgeNetwork.Domains.Code.Tests.Unit.Analyzers.Blocks.RoslynCfgExtractorEdgeCaseTests.ExtractControlFlowGraphAsync_AsyncMethod_ShouldHandleAsyncOperations" storage="d:\shizhong\mycode\knowledgenetwork\src\tests\knowledgenetwork.domains.code.tests\bin\debug\net9.0\knowledgenetwork.domains.code.tests.dll" id="8e742513-45f7-7ab1-c140-4a052a0fea8c">
      <Execution id="886f6dde-6253-4e26-87c2-359480b8900b" />
      <TestMethod codeBase="D:\ShiZhong\MyCode\KnowledgeNetwork\src\tests\KnowledgeNetwork.Domains.Code.Tests\bin\Debug\net9.0\KnowledgeNetwork.Domains.Code.Tests.dll" adapterTypeName="executor://xunit/VsTestRunner3/netcore/" className="KnowledgeNetwork.Domains.Code.Tests.Unit.Analyzers.Blocks.RoslynCfgExtractorEdgeCaseTests" name="ExtractControlFlowGraphAsync_AsyncMethod_ShouldHandleAsyncOperations" />
    </UnitTest>
  </TestDefinitions>
  <TestEntries>
    <TestEntry testId="6ce95063-8524-5dec-b8f7-2251f58dc12d" executionId="247fd0ac-6219-493a-b527-e94e91fbf5d5" testListId="8c84fa94-04c1-424b-9868-57a2d4851a1d" />
    <TestEntry testId="120606a9-462f-607e-579d-166ec3b69446" executionId="c8df9081-ab00-4a2c-84a3-cfc914719932" testListId="8c84fa94-04c1-424b-9868-57a2d4851a1d" />
    <TestEntry testId="d5fc0472-92fb-0e8d-c3e8-ec8763c8b4df" executionId="49f1f701-5da5-4373-892e-c6a8f93e755b" testListId="8c84fa94-04c1-424b-9868-57a2d4851a1d" />
    <TestEntry testId="19b0129f-3baf-8fb9-3287-9cb9673328e6" executionId="54d64362-850e-4ff6-b366-ba31e2258fc1" testListId="8c84fa94-04c1-424b-9868-57a2d4851a1d" />
    <TestEntry testId="5a39c429-ea53-28de-63eb-db6abc18410c" executionId="1d96e75a-8863-4922-90b4-a8685260a04f" testListId="8c84fa94-04c1-424b-9868-57a2d4851a1d" />
    <TestEntry testId="a0ed0353-1ac0-8ddc-780a-ce50c2a45543" executionId="8b4fe949-e6b6-4983-b543-3bf0729163c6" testListId="8c84fa94-04c1-424b-9868-57a2d4851a1d" />
    <TestEntry testId="6ab359e9-6587-f4dc-919a-c48037c66c34" executionId="eb91ed77-1901-44bd-9bd5-52605c765cbf" testListId="8c84fa94-04c1-424b-9868-57a2d4851a1d" />
    <TestEntry testId="aba05db1-2ac9-4ba6-78b8-e3dbb8455fec" executionId="c3158d20-feef-4d73-99a7-d4e1c196d263" testListId="8c84fa94-04c1-424b-9868-57a2d4851a1d" />
    <TestEntry testId="5060f7c6-4b8f-88ab-0a76-303af23f994c" executionId="b24f4c88-e64b-4d16-b853-4eb1ab2778bf" testListId="8c84fa94-04c1-424b-9868-57a2d4851a1d" />
    <TestEntry testId="3ed743cb-18dd-feaa-9dbd-18840d92ea79" executionId="f9b9cb92-a01e-4fe6-8a1f-7290e3999546" testListId="8c84fa94-04c1-424b-9868-57a2d4851a1d" />
    <TestEntry testId="1ae88abb-a690-49c3-2a5e-7373941f7a27" executionId="595eeb6a-8166-497b-921e-16bf92369486" testListId="8c84fa94-04c1-424b-9868-57a2d4851a1d" />
    <TestEntry testId="8e742513-45f7-7ab1-c140-4a052a0fea8c" executionId="886f6dde-6253-4e26-87c2-359480b8900b" testListId="8c84fa94-04c1-424b-9868-57a2d4851a1d" />
  </TestEntries>
  <TestLists>
    <TestList name="Results Not in a List" id="8c84fa94-04c1-424b-9868-57a2d4851a1d" />
    <TestList name="All Loaded Results" id="19431567-8539-422a-85d7-44ee4e166bda" />
  </TestLists>
  <ResultSummary outcome="Completed">
    <Counters total="12" executed="12" passed="12" failed="0" error="0" timeout="0" aborted="0" inconclusive="0" passedButRunAborted="0" notRunnable="0" notExecuted="0" disconnected="0" warning="0" completed="0" inProgress="0" pending="0" />
    <Output>
      <StdOut>[xUnit.net 00:00:00.00] xUnit.net VSTest Adapter v3.1.4+50e68bbb8b (64-bit .NET 9.0.8)&#xD;
[xUnit.net 00:00:00.10]   Discovering: KnowledgeNetwork.Domains.Code.Tests&#xD;
[xUnit.net 00:00:00.23]   Discovered:  KnowledgeNetwork.Domains.Code.Tests&#xD;
[xUnit.net 00:00:00.34]   Starting:    KnowledgeNetwork.Domains.Code.Tests&#xD;
[xUnit.net 00:00:00.99]   Finished:    KnowledgeNetwork.Domains.Code.Tests&#xD;
</StdOut>
    </Output>
  </ResultSummary>
</TestRun>